// Jest Snapshot v1, https://goo.gl/fbAQLP

exports[`Episode renders correctly 1`] = `
<div
  className="Episode"
  data-testid="episode"
>
  <div
    className="PodcastInfo"
    data-testid="podcast-info"
  >
    <a
      href="/podcast/undefined"
      onClick={[Function]}
    >
      <div
        className="section picture"
      >
        <img
          alt="All Songs Considered"
        />
      </div>
      <div
        className="section title"
      >
        <span>
          Podcast Name
        </span>
        <div>
          by 
        </div>
      </div>
    </a>
    <div
      className="section description"
    >
      <span>
        Description
      </span>
      <div />
    </div>
  </div>
  <div
    className="info"
  >
    <div
      className="title"
    />
    <div
      className="description"
      dangerouslySetInnerHTML={
        Object {
          "__html": undefined,
        }
      }
    />
    <div
      className="audio"
    >
      <audio
        controls={true}
      >
        <source />
      </audio>
    </div>
  </div>
</div>
`;
