// Jest Snapshot v1, https://goo.gl/fbAQLP

exports[`Logo renders correctly 1`] = `
Array [
  <div
    className="head"
  >
    <a
      data-testid="logo"
      href="/"
      onClick={[Function]}
    >
      <div
        className="Logo"
      >
        <div>
          Podcaster
        </div>
      </div>
    </a>
  </div>,
  <div
    data-testid="main"
  />,
]
`;
